[radiustheme.com/demo/html/Deltech Technologies/index.html]
[backblue.gif]
[fade.gif]
[index.html]
[radiustheme.com/demo/html/Deltech Technologies/favicon.png]
[radiustheme.com/demo/html/Deltech Technologies/assets/dependencies/flaticon/flaticon.css]
[radiustheme.com/demo/html/Deltech Technologies/assets/css/all.min.css]
[radiustheme.com/demo/html/Deltech Technologies/assets/dependencies/slick/slick.min.css]
[radiustheme.com/demo/html/Deltech Technologies/assets/dependencies/animation/animate.min.css]
[radiustheme.com/demo/html/Deltech Technologies/assets/dependencies/niceselect/nice-select.css]
[radiustheme.com/demo/html/Deltech Technologies/assets/dependencies/animation/custom-animation.css]
[radiustheme.com/demo/html/Deltech Technologies/assets/css/style.css]
[radiustheme.com/demo/html/Deltech Technologies/index-2.html]
[radiustheme.com/demo/html/Deltech Technologies/assets/images/logo.png]
[radiustheme.com/demo/html/Deltech Technologies/software-innovation.html]
[radiustheme.com/demo/html/Deltech Technologies/it-agency.html]
[radiustheme.com/demo/html/Deltech Technologies/vertical-slider.html]
[radiustheme.com/demo/html/Deltech Technologies/it-modern.html]
[radiustheme.com/demo/html/Deltech Technologies/it-startup.html]
[radiustheme.com/demo/html/Deltech Technologies/about-us.html]
[radiustheme.com/demo/html/Deltech Technologies/why-chose-us.html]
[radiustheme.com/demo/html/Deltech Technologies/faq.html]
[radiustheme.com/demo/html/Deltech Technologies/history.html]
[radiustheme.com/demo/html/Deltech Technologies/careers.html]
[radiustheme.com/demo/html/Deltech Technologies/it-solution.html]
[radiustheme.com/demo/html/Deltech Technologies/it-services.html]
[radiustheme.com/demo/html/Deltech Technologies/industries-services.html]
[radiustheme.com/demo/html/Deltech Technologies/services-details.html]
[radiustheme.com/demo/html/Deltech Technologies/services-details-02.html]
[radiustheme.com/demo/html/Deltech Technologies/services-details-03.html]
[radiustheme.com/demo/html/Deltech Technologies/team.html]
[radiustheme.com/demo/html/Deltech Technologies/price.html]
[radiustheme.com/demo/html/Deltech Technologies/404.html]
[radiustheme.com/demo/html/Deltech Technologies/case-01.html]
[radiustheme.com/demo/html/Deltech Technologies/case-02.html]
[radiustheme.com/demo/html/Deltech Technologies/case-03.html]
[radiustheme.com/demo/html/Deltech Technologies/case-details.html]
[radiustheme.com/demo/html/Deltech Technologies/blog-details.html]
[radiustheme.com/demo/html/Deltech Technologies/grid-layout.html]
[radiustheme.com/demo/html/Deltech Technologies/list-layout.html]
[radiustheme.com/demo/html/Deltech Technologies/blog-details-no-sidebar.html]
[radiustheme.com/demo/html/Deltech Technologies/contact.html]
[radiustheme.com/demo/html/Deltech Technologies/assets/images/bg/hero-bg-1.jpg]
[radiustheme.com/demo/html/Deltech Technologies/assets/images/shape/slider-shape-1.png]
[radiustheme.com/demo/html/Deltech Technologies/assets/images/shape/slider-shape-2.png]
[radiustheme.com/demo/html/Deltech Technologies/assets/images/bg/hero-bg-2.jpg]
[radiustheme.com/demo/html/Deltech Technologies/assets/images/shape/slider-shape-4.png]
[radiustheme.com/demo/html/Deltech Technologies/assets/images/bg/hero-bg-3.jpg]
[radiustheme.com/demo/html/Deltech Technologies/assets/images/shape/slider-shape-5.png]
[radiustheme.com/demo/html/Deltech Technologies/assets/images/shape/slider-shape-6.png]
[radiustheme.com/demo/html/Deltech Technologies/assets/images/home1/about-right-image-1.jpg]
[radiustheme.com/demo/html/Deltech Technologies/assets/images/partners/partners1.png]
[radiustheme.com/demo/html/Deltech Technologies/assets/images/partners/partners2.png]
[radiustheme.com/demo/html/Deltech Technologies/assets/images/partners/partners3.png]
[radiustheme.com/demo/html/Deltech Technologies/assets/images/partners/partners4.png]
[radiustheme.com/demo/html/Deltech Technologies/assets/images/partners/partners5.png]
[radiustheme.com/demo/html/Deltech Technologies/assets/images/partners/partners6.png]
[radiustheme.com/demo/html/Deltech Technologies/assets/images/partners/partners7.png]
[radiustheme.com/demo/html/Deltech Technologies/assets/images/partners/partners8.png]
[radiustheme.com/demo/html/Deltech Technologies/assets/images/partners/partners9.png]
[radiustheme.com/demo/html/Deltech Technologies/assets/images/partners/partners10.png]
[radiustheme.com/demo/html/Deltech Technologies/assets/images/partners/partners11.png]
[radiustheme.com/demo/html/Deltech Technologies/assets/images/partners/partners12.png]
[radiustheme.com/demo/html/Deltech Technologies/assets/images/home1/awards-1.png]
[radiustheme.com/demo/html/Deltech Technologies/assets/images/home1/awards-2.png]
[radiustheme.com/demo/html/Deltech Technologies/assets/images/home1/awards-3.png]
[radiustheme.com/demo/html/Deltech Technologies/assets/images/shape/support-bg-shape.png]
[radiustheme.com/demo/html/Deltech Technologies/assets/images/case/case-image-1.jpg]
[radiustheme.com/demo/html/Deltech Technologies/assets/images/case/case-image-2.jpg]
[radiustheme.com/demo/html/Deltech Technologies/assets/images/case/case-image-3.jpg]
[radiustheme.com/demo/html/Deltech Technologies/assets/images/case/case-image-4.jpg]
[radiustheme.com/demo/html/Deltech Technologies/assets/images/case/case-image-5.jpg]
[radiustheme.com/demo/html/Deltech Technologies/assets/images/team/team-member-1.jpg]
[radiustheme.com/demo/html/Deltech Technologies/assets/images/team/team-member-2.jpg]
[radiustheme.com/demo/html/Deltech Technologies/assets/images/team/team-member-3.jpg]
[radiustheme.com/demo/html/Deltech Technologies/assets/images/icon/left-quote.png]
[radiustheme.com/demo/html/Deltech Technologies/assets/images/home1/review-auth-image-1.png]
[radiustheme.com/demo/html/Deltech Technologies/assets/images/home1/review-auth-image-2.png]
[radiustheme.com/demo/html/Deltech Technologies/assets/images/home1/review-auth-image-3.png]
[radiustheme.com/demo/html/Deltech Technologies/assets/images/icon/price-setting.svg]
[radiustheme.com/demo/html/Deltech Technologies/assets/images/icon/price-quality.svg]
[radiustheme.com/demo/html/Deltech Technologies/assets/images/icon/price-diamond.svg]
[radiustheme.com/demo/html/Deltech Technologies/assets/images/icon/price-star.svg]
[radiustheme.com/demo/html/Deltech Technologies/assets/images/bg/counter-area-bg-1.jpg]
[radiustheme.com/demo/html/Deltech Technologies/assets/images/blog/blog-thumb-1.jpg]
[radiustheme.com/demo/html/Deltech Technologies/assets/images/blog/blog-thumb-2.jpg]
[radiustheme.com/demo/html/Deltech Technologies/assets/images/blog/blog-thumb-3.jpg]
[radiustheme.com/demo/html/Deltech Technologies/assets/images/shape/contact-bg-shape.png]
[radiustheme.com/demo/html/Deltech Technologies/assets/images/bg/contact-address-bg.jpg]
[radiustheme.com/demo/html/Deltech Technologies/assets/images/shape/footer-shape-1.png]
[radiustheme.com/demo/html/Deltech Technologies/assets/images/shape/footer-shape-2.png]
[radiustheme.com/demo/html/Deltech Technologies/assets/images/logo-light.png]
[radiustheme.com/demo/html/Deltech Technologies/assets/js/jquery.min.js]
[radiustheme.com/demo/html/Deltech Technologies/assets/dependencies/bootstrap/js/bootstrap.bundle.min.js]
[radiustheme.com/demo/html/Deltech Technologies/assets/dependencies/slick/slick.min.js]
[radiustheme.com/demo/html/Deltech Technologies/assets/dependencies/animation/wow.min.js]
[radiustheme.com/demo/html/Deltech Technologies/assets/dependencies/parallax/parallaxie.js]
[radiustheme.com/demo/html/Deltech Technologies/assets/dependencies/greensock/TweenMax.min.js]
[radiustheme.com/demo/html/Deltech Technologies/assets/dependencies/counter-up/jquery.counterup.min.js]
[radiustheme.com/demo/html/Deltech Technologies/assets/dependencies/waypoints/jquery.waypoints.min.js]
[radiustheme.com/demo/html/Deltech Technologies/assets/dependencies/niceselect/jquery.nice-select.min.js]
[radiustheme.com/demo/html/Deltech Technologies/assets/dependencies/anime/anime.min.js]
[radiustheme.com/demo/html/Deltech Technologies/assets/dependencies/imagesloaded/imagesloaded.pkgd.min.js]
[radiustheme.com/demo/html/Deltech Technologies/assets/dependencies/tilt/vanilla-tilt.min.js]
[radiustheme.com/demo/html/Deltech Technologies/assets/dependencies/fancybox/jquery.fancybox.min.js]
[unpkg.com/swiper/swiper-bundle.min.69.delayed]
[unpkg.com/swiper@8.4.5/swiper-bundle.min.js]
[radiustheme.com/demo/html/Deltech Technologies/assets/dependencies/isotope/isotope.pkgd.min.js]
[radiustheme.com/demo/html/Deltech Technologies/assets/dependencies/isotope/imagesloaded.pkgd.min.js]
[radiustheme.com/demo/html/Deltech Technologies/assets/js/main.js]
[radiustheme.com/demo/html/Deltech Technologies/index.html]
[radiustheme.com/demo/html/Deltech Technologies/assets/js/custom.js]
[radiustheme.com/demo/html/Deltech Technologies/assets/dependencies/flaticon/flaticonc25c.ttf]
[radiustheme.com/demo/html/Deltech Technologies/assets/dependencies/flaticon/flaticonc25c.woff]
[radiustheme.com/demo/html/Deltech Technologies/assets/dependencies/flaticon/flaticonc25c.woff2]
[radiustheme.com/demo/html/Deltech Technologies/assets/dependencies/flaticon/flaticonc25c.eot]
[radiustheme.com/demo/html/Deltech Technologies/assets/dependencies/flaticon/flaticon.css]
[radiustheme.com/demo/html/Deltech Technologies/assets/dependencies/flaticon/flaticonc25c.svg]
[radiustheme.com/demo/html/Deltech Technologies/assets/webfonts/fa-brands-400.eot]
[radiustheme.com/demo/html/Deltech Technologies/assets/webfonts/fa-brands-400d41d.eot]
[radiustheme.com/demo/html/Deltech Technologies/assets/webfonts/fa-brands-400.woff2]
[radiustheme.com/demo/html/Deltech Technologies/assets/webfonts/fa-brands-400.woff]
[radiustheme.com/demo/html/Deltech Technologies/assets/webfonts/fa-brands-400.ttf]
[radiustheme.com/demo/html/Deltech Technologies/assets/webfonts/fa-brands-400.svg]
[radiustheme.com/demo/html/Deltech Technologies/assets/webfonts/fa-regular-400.eot]
[radiustheme.com/demo/html/Deltech Technologies/assets/webfonts/fa-regular-400d41d.eot]
[radiustheme.com/demo/html/Deltech Technologies/assets/webfonts/fa-regular-400.woff2]
[radiustheme.com/demo/html/Deltech Technologies/assets/webfonts/fa-regular-400.woff]
[radiustheme.com/demo/html/Deltech Technologies/assets/webfonts/fa-regular-400.ttf]
[radiustheme.com/demo/html/Deltech Technologies/assets/webfonts/fa-regular-400.svg]
[radiustheme.com/demo/html/Deltech Technologies/assets/webfonts/fa-solid-900.eot]
[radiustheme.com/demo/html/Deltech Technologies/assets/webfonts/fa-solid-900d41d.eot]
[radiustheme.com/demo/html/Deltech Technologies/assets/webfonts/fa-solid-900.woff2]
[radiustheme.com/demo/html/Deltech Technologies/assets/webfonts/fa-solid-900.woff]
[radiustheme.com/demo/html/Deltech Technologies/assets/webfonts/fa-solid-900.ttf]
[radiustheme.com/demo/html/Deltech Technologies/assets/css/all.min.css]
[radiustheme.com/demo/html/Deltech Technologies/assets/dependencies/slick/slick.min.css]
[radiustheme.com/demo/html/Deltech Technologies/assets/dependencies/animation/animate.min.css]
[radiustheme.com/demo/html/Deltech Technologies/assets/dependencies/niceselect/nice-select.css]
[radiustheme.com/demo/html/Deltech Technologies/assets/dependencies/animation/custom-animation.css]
[radiustheme.com/demo/html/Deltech Technologies/assets/css/style.css]
[radiustheme.com/demo/html/Deltech Technologies/assets/css/custom.css]
[radiustheme.com/demo/html/Deltech Technologies/assets/webfonts/fa-solid-900.svg]
[radiustheme.com/demo/html/Deltech Technologies/index-2.html]
[radiustheme.com/demo/html/Deltech Technologies/assets/dependencies/fancybox/jquery.fancybox.min.css]
[radiustheme.com/demo/html/Deltech Technologies/assets/images/Logo-home-2.png]
[radiustheme.com/demo/html/Deltech Technologies/assets/images/shape/home-software-bg.png]
[radiustheme.com/demo/html/Deltech Technologies/assets/images/vector/Vector-Shape-Hero-2.png]
[radiustheme.com/demo/html/Deltech Technologies/assets/images/vector/Man.png]
[radiustheme.com/demo/html/Deltech Technologies/assets/images/vector/Women.png]
[radiustheme.com/demo/html/Deltech Technologies/assets/images/vector/Terget.png]
[radiustheme.com/demo/html/Deltech Technologies/assets/images/vector/setting.png]
[radiustheme.com/demo/html/Deltech Technologies/assets/images/vector/book.png]
[radiustheme.com/demo/html/Deltech Technologies/assets/images/vector/Blub.png]
[radiustheme.com/demo/html/Deltech Technologies/assets/images/vector/about-vector.png]
[radiustheme.com/demo/html/Deltech Technologies/assets/images/vector/about-vector-2.png]
[radiustheme.com/demo/html/Deltech Technologies/assets/images/bg/support-software-bg.png]
[radiustheme.com/demo/html/Deltech Technologies/assets/images/case/case-software-1.jpg]
[radiustheme.com/demo/html/Deltech Technologies/assets/images/case/case-software-2.jpg]
[radiustheme.com/demo/html/Deltech Technologies/assets/images/case/case-software-3.jpg]
[radiustheme.com/demo/html/Deltech Technologies/assets/images/case/case-software-4.jpg]
[radiustheme.com/demo/html/Deltech Technologies/assets/images/case/case-software-5.jpg]
[radiustheme.com/demo/html/Deltech Technologies/assets/images/case/case-software-6.jpg]
[radiustheme.com/demo/html/Deltech Technologies/assets/images/bg/tech-software-bg.jpg]
[radiustheme.com/demo/html/Deltech Technologies/assets/images/home2/review-author-software-1.png]
[radiustheme.com/demo/html/Deltech Technologies/assets/images/home2/review-author-software-2.png]
[radiustheme.com/demo/html/Deltech Technologies/assets/images/home2/review-author-software-3.png]
[radiustheme.com/demo/html/Deltech Technologies/assets/images/bg/counter-software-bg.jpg]
[radiustheme.com/demo/html/Deltech Technologies/assets/images/home2/newsletter-thumb.png]
[radiustheme.com/demo/html/Deltech Technologies/assets/images/shape/footer-software-shape.png]
[radiustheme.com/demo/html/Deltech Technologies/assets/images/logo-offcanvas.png]
[radiustheme.com/demo/html/Deltech Technologies/software-innovation.html]
[radiustheme.com/demo/html/Deltech Technologies/assets/images/bg/hero-agency.jpg]
[radiustheme.com/demo/html/Deltech Technologies/assets/images/home3/about-thumb-agency1.jpg]
[radiustheme.com/demo/html/Deltech Technologies/assets/images/home3/about-thumb-agency2.jpg]
[radiustheme.com/demo/html/Deltech Technologies/assets/images/mockup/macbook-mockup.png]
[radiustheme.com/demo/html/Deltech Technologies/assets/images/home3/screen-replace2.png]
[radiustheme.com/demo/html/Deltech Technologies/assets/images/home3/screen-replace.png]
[radiustheme.com/demo/html/Deltech Technologies/assets/images/home3/project-thumb-1.jpg]
[radiustheme.com/demo/html/Deltech Technologies/assets/images/home3/project-thumb-2.jpg]
[radiustheme.com/demo/html/Deltech Technologies/assets/images/home3/project-thumb-3.jpg]
[radiustheme.com/demo/html/Deltech Technologies/assets/images/home3/project-thumb-4.jpg]
[radiustheme.com/demo/html/Deltech Technologies/assets/images/home3/project-thumb-5.jpg]
[radiustheme.com/demo/html/Deltech Technologies/assets/images/home3/project-thumb-6.jpg]
[radiustheme.com/demo/html/Deltech Technologies/assets/images/shape/testimonial-bg-home-3.png]
[radiustheme.com/demo/html/Deltech Technologies/assets/images/home3/review-auth-image-1.png]
[radiustheme.com/demo/html/Deltech Technologies/assets/images/bg/contact-bg.jpg]
[radiustheme.com/demo/html/Deltech Technologies/assets/js/modernizr-3.5.0.min.js]
[radiustheme.com/demo/html/Deltech Technologies/it-agency.html]
[radiustheme.com/demo/html/Deltech Technologies/assets/dependencies/hoverdir/jquery.hoverdir.js]
[radiustheme.com/demo/html/Deltech Technologies/assets/dependencies/multiscroll/jquery.multiscroll.min.css]
[radiustheme.com/demo/html/Deltech Technologies/assets/dependencies/uikit/uikit.min.css]
[radiustheme.com/demo/html/Deltech Technologies/assets/images/home4/fullpage-service-1.jpg]
[radiustheme.com/demo/html/Deltech Technologies/assets/images/bg/vertical-slide-image-2.jpg]
[radiustheme.com/demo/html/Deltech Technologies/assets/images/home4/fullpage-service-3.jpg]
[radiustheme.com/demo/html/Deltech Technologies/assets/images/bg/vertical-slide-image-4.jpg]
[radiustheme.com/demo/html/Deltech Technologies/assets/images/home4/fullpage-service-5.jpg]
[radiustheme.com/demo/html/Deltech Technologies/assets/images/bg/vertical-slide-image-1.jpg]
[radiustheme.com/demo/html/Deltech Technologies/assets/images/home4/fullpage-service-2.jpg]
[radiustheme.com/demo/html/Deltech Technologies/assets/images/bg/vertical-slide-image-3.jpg]
[radiustheme.com/demo/html/Deltech Technologies/assets/images/home4/fullpage-service-4.jpg]
[radiustheme.com/demo/html/Deltech Technologies/assets/images/bg/vertical-slide-image-5.jpg]
[radiustheme.com/demo/html/Deltech Technologies/assets/dependencies/multiscroll/jquery.easings.min.js]
[radiustheme.com/demo/html/Deltech Technologies/assets/dependencies/multiscroll/jquery.multiscroll.min.js]
[radiustheme.com/demo/html/Deltech Technologies/assets/dependencies/uikit/uikit.min.js]
[radiustheme.com/demo/html/Deltech Technologies/vertical-slider.html]
[radiustheme.com/demo/html/Deltech Technologies/assets/js/theme.js]
[radiustheme.com/demo/html/Deltech Technologies/assets/images/home6/bg/hero-modern.jpg]
[radiustheme.com/demo/html/Deltech Technologies/assets/images/home6/about/about-thumb-moder-1.jpg]
[radiustheme.com/demo/html/Deltech Technologies/assets/images/home6/shape/balls-shape-service-2.png]
[radiustheme.com/demo/html/Deltech Technologies/assets/images/home6/shape/balls-shape-service-1.png]
[radiustheme.com/demo/html/Deltech Technologies/assets/images/home6/services/service-moder-thumb-1.jpg]
[radiustheme.com/demo/html/Deltech Technologies/assets/images/home6/services/service-moder-thumb-2.jpg]
[radiustheme.com/demo/html/Deltech Technologies/assets/images/home6/services/service-moder-thumb-3.jpg]
[radiustheme.com/demo/html/Deltech Technologies/assets/images/shape/footer-shape-3.png]
[radiustheme.com/demo/html/Deltech Technologies/assets/images/shape/footer-shape-4.png]
[radiustheme.com/demo/html/Deltech Technologies/it-modern.html]
[radiustheme.com/demo/html/Deltech Technologies/assets/images/home7/hero-startup-bg.jpg]
[radiustheme.com/demo/html/Deltech Technologies/assets/images/home7/about-startup-1.jpg]
[radiustheme.com/demo/html/Deltech Technologies/assets/images/home7/about-startup-2.jpg]
[radiustheme.com/demo/html/Deltech Technologies/assets/images/home7/about-startup-3.jpg]
[radiustheme.com/demo/html/Deltech Technologies/assets/images/home7/shape/skills-startup-shape.png]
[radiustheme.com/demo/html/Deltech Technologies/assets/images/home7/case-masonary-thumb-1.jpg]
[radiustheme.com/demo/html/Deltech Technologies/assets/images/home7/case-masonary-thumb-2.jpg]
[radiustheme.com/demo/html/Deltech Technologies/assets/images/home7/case-masonary-thumb-3.jpg]
[radiustheme.com/demo/html/Deltech Technologies/assets/images/home7/case-masonary-thumb-4.jpg]
[radiustheme.com/demo/html/Deltech Technologies/assets/images/home7/case-masonary-thumb-6.jpg]
[radiustheme.com/demo/html/Deltech Technologies/assets/images/home7/case-masonary-thumb-5.jpg]
[radiustheme.com/demo/html/Deltech Technologies/assets/images/home7/contact-bg-startup.jpg]
[radiustheme.com/demo/html/Deltech Technologies/assets/images/home7/startup-contact-image-1.jpg]
[radiustheme.com/demo/html/Deltech Technologies/it-startup.html]
[radiustheme.com/demo/html/Deltech Technologies/assets/images/logo-full-white.png]
[radiustheme.com/demo/html/Deltech Technologies/assets/images/bg/inner-bg.jpg]
[radiustheme.com/demo/html/Deltech Technologies/assets/images/feature/feature-about-thumb-1.jpg]
[radiustheme.com/demo/html/Deltech Technologies/assets/images/feature/feature-about-thumb-2.jpg]
[radiustheme.com/demo/html/Deltech Technologies/assets/images/feature/feature-about-thumb-3.jpg]
[radiustheme.com/demo/html/Deltech Technologies/assets/images/feature/feature-about-thumb-4.jpg]
[radiustheme.com/demo/html/Deltech Technologies/about-us.html]
[radiustheme.com/demo/html/Deltech Technologies/assets/images/home3/about-thumb-chose.jpg]
[radiustheme.com/demo/html/Deltech Technologies/assets/images/case/feature-chose-thub-1.jpg]
[radiustheme.com/demo/html/Deltech Technologies/assets/images/case/feature-chose-thub-2.jpg]
[radiustheme.com/demo/html/Deltech Technologies/assets/images/case/feature-chose-thub-3.jpg]
[radiustheme.com/demo/html/Deltech Technologies/why-chose-us.html]
[radiustheme.com/demo/html/Deltech Technologies/faq.html]
[radiustheme.com/demo/html/Deltech Technologies/assets/images/timeline/timeline-thumb1.jpg]
[radiustheme.com/demo/html/Deltech Technologies/assets/images/timeline/timeline-thumb2.jpg]
[radiustheme.com/demo/html/Deltech Technologies/assets/images/timeline/timeline-thumb3.jpg]
[radiustheme.com/demo/html/Deltech Technologies/assets/images/timeline/timeline-thumb4.jpg]
[radiustheme.com/demo/html/Deltech Technologies/assets/images/timeline/timeline-thumb5.jpg]
[radiustheme.com/demo/html/Deltech Technologies/history.html]
[radiustheme.com/demo/html/Deltech Technologies/assets/images/icon/team-leader.png]
[radiustheme.com/demo/html/Deltech Technologies/assets/images/icon/teamwork.png]
[radiustheme.com/demo/html/Deltech Technologies/assets/images/icon/share.png]
[radiustheme.com/demo/html/Deltech Technologies/assets/images/icon/happy-hour.png]
[radiustheme.com/demo/html/Deltech Technologies/assets/images/icon/fried-rice.png]
[radiustheme.com/demo/html/Deltech Technologies/assets/images/icon/healthcare.png]
[radiustheme.com/demo/html/Deltech Technologies/assets/images/icon/bonus.png]
[radiustheme.com/demo/html/Deltech Technologies/assets/images/icon/sunbed.png]
[radiustheme.com/demo/html/Deltech Technologies/assets/images/icon/book.png]
[radiustheme.com/demo/html/Deltech Technologies/assets/images/icon/gift-box.png]
[radiustheme.com/demo/html/Deltech Technologies/careers.html]
[radiustheme.com/demo/html/Deltech Technologies/assets/images/bg/inner-bg-3.jpg]
[radiustheme.com/demo/html/Deltech Technologies/it-solution.html]
[radiustheme.com/demo/html/Deltech Technologies/assets/images/bg/inner-bg-2.jpg]
[radiustheme.com/demo/html/Deltech Technologies/it-services.html]
[radiustheme.com/demo/html/Deltech Technologies/industries-services.html]
[radiustheme.com/demo/html/Deltech Technologies/assets/images/bg/inner-bg-4.jpg]
[radiustheme.com/demo/html/Deltech Technologies/assets/images/thumbs/services-image-big-1.jpg]
[radiustheme.com/demo/html/Deltech Technologies/assets/images/thumbs/services-image-small-1.jpg]
[radiustheme.com/demo/html/Deltech Technologies/assets/images/thumbs/services-image-small-2.jpg]
[radiustheme.com/demo/html/Deltech Technologies/assets/images/bg/service-sidebar-contact-bg.jpg]
[radiustheme.com/demo/html/Deltech Technologies/assets/images/bg/service-sidebar-contact-person.png]
[radiustheme.com/demo/html/Deltech Technologies/services-details.html]
[radiustheme.com/demo/html/Deltech Technologies/assets/images/thumbs/services-image-big-2.jpg]
[radiustheme.com/demo/html/Deltech Technologies/assets/images/thumbs/services-image-big-3.jpg]
[radiustheme.com/demo/html/Deltech Technologies/assets/images/thumbs/services-image-big-4.jpg]
[radiustheme.com/demo/html/Deltech Technologies/services-details-02.html]
[radiustheme.com/demo/html/Deltech Technologies/assets/images/thumbs/services-image-big-5.jpg]
[radiustheme.com/demo/html/Deltech Technologies/services-details-03.html]
[radiustheme.com/demo/html/Deltech Technologies/assets/images/bg/inner-bg-5.jpg]
[radiustheme.com/demo/html/Deltech Technologies/assets/images/team/team-member-4.jpg]
[radiustheme.com/demo/html/Deltech Technologies/assets/images/team/team-member-5.jpg]
[radiustheme.com/demo/html/Deltech Technologies/assets/images/team/team-member-6.jpg]
[radiustheme.com/demo/html/Deltech Technologies/assets/images/team/team-member-7.jpg]
[radiustheme.com/demo/html/Deltech Technologies/assets/images/team/team-member-8.jpg]
[radiustheme.com/demo/html/Deltech Technologies/assets/images/team/team-member-9.jpg]
[radiustheme.com/demo/html/Deltech Technologies/team.html]
[radiustheme.com/demo/html/Deltech Technologies/assets/images/bg/inner-bg-6.jpg]
[radiustheme.com/demo/html/Deltech Technologies/price.html]
[radiustheme.com/demo/html/Deltech Technologies/assets/images/error-bg.png]
[radiustheme.com/demo/html/Deltech Technologies/assets/images/error/error-404-image.png]
[radiustheme.com/demo/html/Deltech Technologies/assets/images/error/error-404-image-2.png]
[radiustheme.com/demo/html/Deltech Technologies/404.html]
[radiustheme.com/demo/html/Deltech Technologies/assets/images/case/case-image-01.jpg]
[radiustheme.com/demo/html/Deltech Technologies/assets/images/case/case-image-02.jpg]
[radiustheme.com/demo/html/Deltech Technologies/assets/images/case/case-image-03.jpg]
[radiustheme.com/demo/html/Deltech Technologies/assets/images/case/case-image-04.jpg]
[radiustheme.com/demo/html/Deltech Technologies/assets/images/case/case-image-05.jpg]
[radiustheme.com/demo/html/Deltech Technologies/assets/images/case/case-image-6.jpg]
[radiustheme.com/demo/html/Deltech Technologies/assets/images/case/case-image-7.jpg]
[radiustheme.com/demo/html/Deltech Technologies/assets/images/case/case-image-8.jpg]
[radiustheme.com/demo/html/Deltech Technologies/assets/images/case/case-image-9.jpg]
[radiustheme.com/demo/html/Deltech Technologies/assets/images/case/case-image-10.jpg]
[radiustheme.com/demo/html/Deltech Technologies/assets/images/case/case-image-11.jpg]
[radiustheme.com/demo/html/Deltech Technologies/assets/images/case/case-image-12.jpg]
[radiustheme.com/demo/html/Deltech Technologies/case-01.html]
[radiustheme.com/demo/html/Deltech Technologies/assets/images/case/case-software-7.jpg]
[radiustheme.com/demo/html/Deltech Technologies/assets/images/case/case-software-8.jpg]
[radiustheme.com/demo/html/Deltech Technologies/assets/images/case/case-software-9.jpg]
[radiustheme.com/demo/html/Deltech Technologies/assets/images/case/case-software-10.jpg]
[radiustheme.com/demo/html/Deltech Technologies/assets/images/case/case-software-11.jpg]
[radiustheme.com/demo/html/Deltech Technologies/assets/images/case/case-software-12.jpg]
[radiustheme.com/demo/html/Deltech Technologies/case-02.html]
[radiustheme.com/demo/html/Deltech Technologies/assets/images/home3/project-thumb-7.jpg]
[radiustheme.com/demo/html/Deltech Technologies/assets/images/home3/project-thumb-8.jpg]
[radiustheme.com/demo/html/Deltech Technologies/assets/images/home3/project-thumb-9.jpg]
[radiustheme.com/demo/html/Deltech Technologies/assets/images/home3/project-thumb-10.jpg]
[radiustheme.com/demo/html/Deltech Technologies/assets/images/home3/project-thumb-11.jpg]
[radiustheme.com/demo/html/Deltech Technologies/assets/images/home3/project-thumb-12.jpg]
[radiustheme.com/demo/html/Deltech Technologies/case-03.html]
[radiustheme.com/demo/html/Deltech Technologies/assets/images/case/case-details-gallery-1.jpg]
[radiustheme.com/demo/html/Deltech Technologies/assets/images/case/case-details-gallery-4.jpg]
[radiustheme.com/demo/html/Deltech Technologies/assets/images/case/case-details-gallery-2.jpg]
[radiustheme.com/demo/html/Deltech Technologies/assets/images/case/case-details-gallery-3.jpg]
[radiustheme.com/demo/html/Deltech Technologies/assets/images/case/case-details-gallery-5.jpg]
[radiustheme.com/demo/html/Deltech Technologies/assets/images/bg/case-detials-video-bg.jpg]
[radiustheme.com/demo/html/Deltech Technologies/assets/images/thumbs/case-details-move.jpg]
[radiustheme.com/demo/html/Deltech Technologies/case-details.html]
[radiustheme.com/demo/html/Deltech Technologies/assets/images/blog/blog-thumb-list-1.jpg]
[radiustheme.com/demo/html/Deltech Technologies/assets/images/blog/blog-details-author.png]
[radiustheme.com/demo/html/Deltech Technologies/assets/images/blog/blog-details-commentar-1.png]
[radiustheme.com/demo/html/Deltech Technologies/assets/images/blog/blog-details-commentar-2.png]
[radiustheme.com/demo/html/Deltech Technologies/assets/images/blog/blog-details-commentar-3.png]
[radiustheme.com/demo/html/Deltech Technologies/assets/images/blog/blog-sidebar-thumbs-1.jpg]
[radiustheme.com/demo/html/Deltech Technologies/assets/images/blog/blog-sidebar-thumbs-2.jpg]
[radiustheme.com/demo/html/Deltech Technologies/assets/images/blog/blog-sidebar-thumbs-3.jpg]
[radiustheme.com/demo/html/Deltech Technologies/assets/images/blog/instagram-1.jpg]
[radiustheme.com/demo/html/Deltech Technologies/assets/images/blog/instagram-2.jpg]
[radiustheme.com/demo/html/Deltech Technologies/assets/images/blog/instagram-3.jpg]
[radiustheme.com/demo/html/Deltech Technologies/assets/images/blog/instagram-4.jpg]
[radiustheme.com/demo/html/Deltech Technologies/assets/images/blog/instagram-5.jpg]
[radiustheme.com/demo/html/Deltech Technologies/assets/images/blog/instagram-6.jpg]
[radiustheme.com/demo/html/Deltech Technologies/blog-details.html]
[radiustheme.com/demo/html/Deltech Technologies/assets/images/blog/blog-thumb-4.jpg]
[radiustheme.com/demo/html/Deltech Technologies/assets/images/blog/blog-thumb-5.jpg]
[radiustheme.com/demo/html/Deltech Technologies/assets/images/blog/blog-thumb-6.jpg]
[radiustheme.com/demo/html/Deltech Technologies/assets/images/blog/blog-thumb-7.jpg]
[radiustheme.com/demo/html/Deltech Technologies/assets/images/blog/blog-thumb-8.jpg]
[radiustheme.com/demo/html/Deltech Technologies/assets/images/blog/blog-thumb-9.jpg]
[radiustheme.com/demo/html/Deltech Technologies/grid-layout.html]
[radiustheme.com/demo/html/Deltech Technologies/assets/images/blog/blog-thumb-list-2.jpg]
[radiustheme.com/demo/html/Deltech Technologies/assets/images/blog/blog-thumb-list-3.jpg]
[radiustheme.com/demo/html/Deltech Technologies/assets/images/blog/blog-thumb-list-4.jpg]
[radiustheme.com/demo/html/Deltech Technologies/list-layout.html]
[radiustheme.com/demo/html/Deltech Technologies/assets/images/blog/blog-details-image-no-sidebar.jpg]
[radiustheme.com/demo/html/Deltech Technologies/blog-details-no-sidebar.html]
[radiustheme.com/demo/html/Deltech Technologies/assets/images/icon/contact-location.png]
[radiustheme.com/demo/html/Deltech Technologies/assets/images/icon/phone-call.png]
[radiustheme.com/demo/html/Deltech Technologies/assets/images/icon/contact-email.png]
[radiustheme.com/demo/html/Deltech Technologies/contact.html]
[radiustheme.com/demo/html/Deltech Technologies/assets/images/icon/price-setting.svg]
[radiustheme.com/demo/html/Deltech Technologies/assets/images/icon/price-quality.svg]
[radiustheme.com/demo/html/Deltech Technologies/assets/images/icon/price-diamond.svg]
[radiustheme.com/demo/html/Deltech Technologies/assets/images/icon/price-star.svg]
[radiustheme.com/demo/html/Deltech Technologies/assets/dependencies/flaticon/flaticonc25c.svg]
[radiustheme.com/demo/html/Deltech Technologies/assets/webfonts/fa-brands-400.svg]
[radiustheme.com/demo/html/Deltech Technologies/assets/webfonts/fa-regular-400.svg]
[radiustheme.com/demo/html/Deltech Technologies/assets/webfonts/fa-solid-900.svg]
[radiustheme.com/demo/html/Deltech Technologies/assets/dependencies/fancybox/jquery.fancybox.min.css]
[radiustheme.com/demo/html/Deltech Technologies/assets/dependencies/multiscroll/jquery.multiscroll.min.css]
[radiustheme.com/demo/html/Deltech Technologies/assets/dependencies/uikit/uikit.min.css]
[radiustheme.com/demo/html/Deltech Technologies/assets/dependencies/gmap3.min.js]
